<html>
<body>
<pre>
<h1>µVision Build Log</h1>
<h2>Project:</h2>
C:\ARM\cwiczenia\ARM\Cwiczenia\Cw6_lcd_kursor\Cw6.uvproj
Project File Date:  03/06/2011

<h2>Output:</h2>
Build target 'Target 1'
compiling main.c...
main.c(72): warning:  #111-D: statement is unreachable
compiling stm32f10x_it.c...
compiling lcd_hd44780_lib.c...
..\Moduly\LCD1602\lcd_hd44780_lib.c(22): warning:  #188-D: enumerated type mixed with another type
..\Moduly\LCD1602\lcd_hd44780_lib.c(23): warning:  #188-D: enumerated type mixed with another type
..\Moduly\LCD1602\lcd_hd44780_lib.c(24): warning:  #188-D: enumerated type mixed with another type
..\Moduly\LCD1602\lcd_hd44780_lib.c(25): warning:  #188-D: enumerated type mixed with another type
compiling stm32f10x_rcc.c...
compiling stm32f10x_flash.c...
compiling misc.c...
compiling stm32f10x_gpio.c...
compiling core_cm3.c...
compiling system_stm32f10x.c...
assembling mod_startup_stm32f10x_md.s...
linking...
Program Size: Code=1812 RO-data=268 RW-data=4 ZI-data=1028  
FromELF: creating hex file...
".\Obj\Cw6.axf" - 0 Error(s), 5 Warning(s).
Load "C:\\ARM\\cwiczenia\\ARM\\Cwiczenia\\Cw6_lcd_kursor\\Obj\\Cw6.axf" 
Load "C:\\ARM\\cwiczenia\\ARM\\Cwiczenia\\Cw6_lcd_kursor\\Obj\\Cw6.axf" 
