ARM Linker, 5.03 [Build 69] [MDK-ARM Lite]

==============================================================================

Section Cross References

    main.o(i.GPIO_Config) refers to stm32f10x_gpio.o(i.GPIO_Init) for GPIO_Init
    main.o(i.NVIC_Config) refers to misc.o(i.NVIC_SetVectorTable) for NVIC_SetVectorTable
    main.o(i.RCC_Config) refers to stm32f10x_rcc.o(i.RCC_DeInit) for RCC_DeInit
    main.o(i.RCC_Config) refers to stm32f10x_rcc.o(i.RCC_HSEConfig) for RCC_HSEConfig
    main.o(i.RCC_Config) refers to stm32f10x_rcc.o(i.RCC_WaitForHSEStartUp) for RCC_WaitForHSEStartUp
    main.o(i.RCC_Config) refers to stm32f10x_flash.o(i.FLASH_PrefetchBufferCmd) for FLASH_PrefetchBufferCmd
    main.o(i.RCC_Config) refers to stm32f10x_flash.o(i.FLASH_SetLatency) for FLASH_SetLatency
    main.o(i.RCC_Config) refers to stm32f10x_rcc.o(i.RCC_HCLKConfig) for RCC_HCLKConfig
    main.o(i.RCC_Config) refers to stm32f10x_rcc.o(i.RCC_PCLK2Config) for RCC_PCLK2Config
    main.o(i.RCC_Config) refers to stm32f10x_rcc.o(i.RCC_PCLK1Config) for RCC_PCLK1Config
    main.o(i.RCC_Config) refers to stm32f10x_rcc.o(i.RCC_PLLConfig) for RCC_PLLConfig
    main.o(i.RCC_Config) refers to stm32f10x_rcc.o(i.RCC_PLLCmd) for RCC_PLLCmd
    main.o(i.RCC_Config) refers to stm32f10x_rcc.o(i.RCC_GetFlagStatus) for RCC_GetFlagStatus
    main.o(i.RCC_Config) refers to stm32f10x_rcc.o(i.RCC_SYSCLKConfig) for RCC_SYSCLKConfig
    main.o(i.RCC_Config) refers to stm32f10x_rcc.o(i.RCC_GetSYSCLKSource) for RCC_GetSYSCLKSource
    main.o(i.RCC_Config) refers to stm32f10x_rcc.o(i.RCC_APB2PeriphClockCmd) for RCC_APB2PeriphClockCmd
    main.o(i.main) refers to main.o(i.RCC_Config) for RCC_Config
    main.o(i.main) refers to main.o(i.GPIO_Config) for GPIO_Config
    main.o(i.main) refers to main.o(i.NVIC_Config) for NVIC_Config
    main.o(i.main) refers to stm32f10x_gpio.o(i.GPIO_ResetBits) for GPIO_ResetBits
    main.o(i.main) refers to lcd_hd44780_lib.o(i.LCD_Initialize) for LCD_Initialize
    main.o(i.main) refers to lcd_hd44780_lib.o(i.LCD_WriteCommand) for LCD_WriteCommand
    main.o(i.main) refers to lcd_hd44780_lib.o(i.LCD_WriteText) for LCD_WriteText
    main.o(i.main) refers to lcd_hd44780_lib.o(i.LCD_GoTo) for LCD_GoTo
    main.o(i.main) refers to stm32f10x_gpio.o(i.GPIO_ReadInputDataBit) for GPIO_ReadInputDataBit
    lcd_hd44780_lib.o(i.LCD_GoTo) refers to lcd_hd44780_lib.o(i.LCD_WriteCommand) for LCD_WriteCommand
    lcd_hd44780_lib.o(i.LCD_Initialize) refers to stm32f10x_gpio.o(i.GPIO_Init) for GPIO_Init
    lcd_hd44780_lib.o(i.LCD_Initialize) refers to stm32f10x_gpio.o(i.GPIO_ResetBits) for GPIO_ResetBits
    lcd_hd44780_lib.o(i.LCD_Initialize) refers to lcd_hd44780_lib.o(i.LCD_WriteNibble) for LCD_WriteNibble
    lcd_hd44780_lib.o(i.LCD_Initialize) refers to lcd_hd44780_lib.o(i.LCD_WriteCommand) for LCD_WriteCommand
    lcd_hd44780_lib.o(i.LCD_Initialize) refers to lcd_hd44780_lib.o(.data) for .data
    lcd_hd44780_lib.o(i.LCD_ReadNibble) refers to stm32f10x_gpio.o(i.GPIO_WriteBit) for GPIO_WriteBit
    lcd_hd44780_lib.o(i.LCD_ReadNibble) refers to stm32f10x_gpio.o(i.GPIO_ReadInputDataBit) for GPIO_ReadInputDataBit
    lcd_hd44780_lib.o(i.LCD_ReadStatus) refers to stm32f10x_gpio.o(i.GPIO_Init) for GPIO_Init
    lcd_hd44780_lib.o(i.LCD_ReadStatus) refers to stm32f10x_gpio.o(i.GPIO_WriteBit) for GPIO_WriteBit
    lcd_hd44780_lib.o(i.LCD_ReadStatus) refers to lcd_hd44780_lib.o(i.LCD_ReadNibble) for LCD_ReadNibble
    lcd_hd44780_lib.o(i.LCD_ReadStatus) refers to lcd_hd44780_lib.o(.data) for .data
    lcd_hd44780_lib.o(i.LCD_SetUserChar) refers to lcd_hd44780_lib.o(i.LCD_WriteCommand) for LCD_WriteCommand
    lcd_hd44780_lib.o(i.LCD_SetUserChar) refers to lcd_hd44780_lib.o(i.LCD_WriteData) for LCD_WriteData
    lcd_hd44780_lib.o(i.LCD_ShiftLeft) refers to lcd_hd44780_lib.o(i.LCD_WriteCommand) for LCD_WriteCommand
    lcd_hd44780_lib.o(i.LCD_ShiftRight) refers to lcd_hd44780_lib.o(i.LCD_WriteCommand) for LCD_WriteCommand
    lcd_hd44780_lib.o(i.LCD_WriteBinary) refers to lcd_hd44780_lib.o(i.LCD_WriteData) for LCD_WriteData
    lcd_hd44780_lib.o(i.LCD_WriteCommand) refers to stm32f10x_gpio.o(i.GPIO_WriteBit) for GPIO_WriteBit
    lcd_hd44780_lib.o(i.LCD_WriteCommand) refers to lcd_hd44780_lib.o(i.LCD_WriteNibble) for LCD_WriteNibble
    lcd_hd44780_lib.o(i.LCD_WriteCommand) refers to lcd_hd44780_lib.o(i.LCD_ReadStatus) for LCD_ReadStatus
    lcd_hd44780_lib.o(i.LCD_WriteData) refers to stm32f10x_gpio.o(i.GPIO_WriteBit) for GPIO_WriteBit
    lcd_hd44780_lib.o(i.LCD_WriteData) refers to lcd_hd44780_lib.o(i.LCD_WriteNibble) for LCD_WriteNibble
    lcd_hd44780_lib.o(i.LCD_WriteData) refers to lcd_hd44780_lib.o(i.LCD_ReadStatus) for LCD_ReadStatus
    lcd_hd44780_lib.o(i.LCD_WriteNibble) refers to stm32f10x_gpio.o(i.GPIO_WriteBit) for GPIO_WriteBit
    lcd_hd44780_lib.o(i.LCD_WriteText) refers to lcd_hd44780_lib.o(i.LCD_WriteData) for LCD_WriteData
    lcd_hd44780_lib.o(i.LCD_WriteTextXY) refers to lcd_hd44780_lib.o(i.LCD_GoTo) for LCD_GoTo
    lcd_hd44780_lib.o(i.LCD_WriteTextXY) refers to lcd_hd44780_lib.o(i.LCD_WriteData) for LCD_WriteData
    stm32f10x_rcc.o(i.RCC_GetClocksFreq) refers to stm32f10x_rcc.o(.data) for .data
    stm32f10x_rcc.o(i.RCC_WaitForHSEStartUp) refers to stm32f10x_rcc.o(i.RCC_GetFlagStatus) for RCC_GetFlagStatus
    stm32f10x_flash.o(i.FLASH_EnableWriteProtection) refers to stm32f10x_flash.o(i.FLASH_WaitForLastOperation) for FLASH_WaitForLastOperation
    stm32f10x_flash.o(i.FLASH_EraseAllBank1Pages) refers to stm32f10x_flash.o(i.FLASH_WaitForLastBank1Operation) for FLASH_WaitForLastBank1Operation
    stm32f10x_flash.o(i.FLASH_EraseAllPages) refers to stm32f10x_flash.o(i.FLASH_WaitForLastOperation) for FLASH_WaitForLastOperation
    stm32f10x_flash.o(i.FLASH_EraseOptionBytes) refers to stm32f10x_flash.o(i.FLASH_GetReadOutProtectionStatus) for FLASH_GetReadOutProtectionStatus
    stm32f10x_flash.o(i.FLASH_EraseOptionBytes) refers to stm32f10x_flash.o(i.FLASH_WaitForLastOperation) for FLASH_WaitForLastOperation
    stm32f10x_flash.o(i.FLASH_ErasePage) refers to stm32f10x_flash.o(i.FLASH_WaitForLastOperation) for FLASH_WaitForLastOperation
    stm32f10x_flash.o(i.FLASH_ProgramHalfWord) refers to stm32f10x_flash.o(i.FLASH_WaitForLastOperation) for FLASH_WaitForLastOperation
    stm32f10x_flash.o(i.FLASH_ProgramOptionByteData) refers to stm32f10x_flash.o(i.FLASH_WaitForLastOperation) for FLASH_WaitForLastOperation
    stm32f10x_flash.o(i.FLASH_ProgramWord) refers to stm32f10x_flash.o(i.FLASH_WaitForLastOperation) for FLASH_WaitForLastOperation
    stm32f10x_flash.o(i.FLASH_ReadOutProtection) refers to stm32f10x_flash.o(i.FLASH_WaitForLastOperation) for FLASH_WaitForLastOperation
    stm32f10x_flash.o(i.FLASH_UserOptionByteConfig) refers to stm32f10x_flash.o(i.FLASH_WaitForLastOperation) for FLASH_WaitForLastOperation
    stm32f10x_flash.o(i.FLASH_WaitForLastBank1Operation) refers to stm32f10x_flash.o(i.FLASH_GetBank1Status) for FLASH_GetBank1Status
    stm32f10x_flash.o(i.FLASH_WaitForLastOperation) refers to stm32f10x_flash.o(i.FLASH_GetBank1Status) for FLASH_GetBank1Status
    stm32f10x_gpio.o(i.GPIO_AFIODeInit) refers to stm32f10x_rcc.o(i.RCC_APB2PeriphResetCmd) for RCC_APB2PeriphResetCmd
    stm32f10x_gpio.o(i.GPIO_DeInit) refers to stm32f10x_rcc.o(i.RCC_APB2PeriphResetCmd) for RCC_APB2PeriphResetCmd
    system_stm32f10x.o(i.SystemCoreClockUpdate) refers to system_stm32f10x.o(.data) for .data
    system_stm32f10x.o(i.SystemInit) refers to system_stm32f10x.o(i.SetSysClockTo72) for SetSysClockTo72
    mod_startup_stm32f10x_md.o(RESET) refers to mod_startup_stm32f10x_md.o(STACK) for __initial_sp
    mod_startup_stm32f10x_md.o(RESET) refers to mod_startup_stm32f10x_md.o(.text) for Reset_Handler
    mod_startup_stm32f10x_md.o(RESET) refers to stm32f10x_it.o(i.NMI_Handler) for NMI_Handler
    mod_startup_stm32f10x_md.o(RESET) refers to stm32f10x_it.o(i.HardFault_Handler) for HardFault_Handler
    mod_startup_stm32f10x_md.o(RESET) refers to stm32f10x_it.o(i.MemManage_Handler) for MemManage_Handler
    mod_startup_stm32f10x_md.o(RESET) refers to stm32f10x_it.o(i.BusFault_Handler) for BusFault_Handler
    mod_startup_stm32f10x_md.o(RESET) refers to stm32f10x_it.o(i.UsageFault_Handler) for UsageFault_Handler
    mod_startup_stm32f10x_md.o(RESET) refers to stm32f10x_it.o(i.SVC_Handler) for SVC_Handler
    mod_startup_stm32f10x_md.o(RESET) refers to stm32f10x_it.o(i.DebugMon_Handler) for DebugMon_Handler
    mod_startup_stm32f10x_md.o(RESET) refers to stm32f10x_it.o(i.PendSV_Handler) for PendSV_Handler
    mod_startup_stm32f10x_md.o(RESET) refers to stm32f10x_it.o(i.SysTick_Handler) for SysTick_Handler
    mod_startup_stm32f10x_md.o(.text) refers to entry.o(.ARM.Collect$$$$00000000) for __main
    entry.o(.ARM.Collect$$$$00000000) refers (Special) to entry10a.o(.ARM.Collect$$$$0000000D) for __rt_final_cpp
    entry.o(.ARM.Collect$$$$00000000) refers (Special) to entry11a.o(.ARM.Collect$$$$0000000F) for __rt_final_exit
    entry.o(.ARM.Collect$$$$00000000) refers (Special) to entry7b.o(.ARM.Collect$$$$00000008) for _main_clock
    entry.o(.ARM.Collect$$$$00000000) refers (Special) to entry8b.o(.ARM.Collect$$$$0000000A) for _main_cpp_init
    entry.o(.ARM.Collect$$$$00000000) refers (Special) to entry9a.o(.ARM.Collect$$$$0000000B) for _main_init
    entry.o(.ARM.Collect$$$$00000000) refers (Special) to entry5.o(.ARM.Collect$$$$00000004) for _main_scatterload
    entry.o(.ARM.Collect$$$$00000000) refers (Special) to entry2.o(.ARM.Collect$$$$00000001) for _main_stk
    entry2.o(.ARM.Collect$$$$00000001) refers to entry2.o(.ARM.Collect$$$$00002712) for __lit__00000000
    entry2.o(.ARM.Collect$$$$00002712) refers to mod_startup_stm32f10x_md.o(STACK) for __initial_sp
    entry2.o(__vectab_stack_and_reset_area) refers to mod_startup_stm32f10x_md.o(STACK) for __initial_sp
    entry2.o(__vectab_stack_and_reset_area) refers to entry.o(.ARM.Collect$$$$00000000) for __main
    entry5.o(.ARM.Collect$$$$00000004) refers to init.o(.text) for __scatterload
    entry9a.o(.ARM.Collect$$$$0000000B) refers to main.o(i.main) for main
    entry9b.o(.ARM.Collect$$$$0000000C) refers to main.o(i.main) for main
    init.o(.text) refers to entry5.o(.ARM.Collect$$$$00000004) for __main_after_scatterload


==============================================================================

Removing Unused input sections from the image.

    Removing lcd_hd44780_lib.o(i.LCD_SetUserChar), (42 bytes).
    Removing lcd_hd44780_lib.o(i.LCD_ShiftLeft), (6 bytes).
    Removing lcd_hd44780_lib.o(i.LCD_ShiftRight), (6 bytes).
    Removing lcd_hd44780_lib.o(i.LCD_WriteBinary), (40 bytes).
    Removing lcd_hd44780_lib.o(i.LCD_WriteTextXY), (30 bytes).
    Removing stm32f10x_rcc.o(i.RCC_ADCCLKConfig), (20 bytes).
    Removing stm32f10x_rcc.o(i.RCC_AHBPeriphClockCmd), (24 bytes).
    Removing stm32f10x_rcc.o(i.RCC_APB1PeriphClockCmd), (24 bytes).
    Removing stm32f10x_rcc.o(i.RCC_APB1PeriphResetCmd), (24 bytes).
    Removing stm32f10x_rcc.o(i.RCC_APB2PeriphResetCmd), (24 bytes).
    Removing stm32f10x_rcc.o(i.RCC_AdjustHSICalibrationValue), (20 bytes).
    Removing stm32f10x_rcc.o(i.RCC_BackupResetCmd), (12 bytes).
    Removing stm32f10x_rcc.o(i.RCC_ClearFlag), (16 bytes).
    Removing stm32f10x_rcc.o(i.RCC_ClearITPendingBit), (12 bytes).
    Removing stm32f10x_rcc.o(i.RCC_ClockSecuritySystemCmd), (12 bytes).
    Removing stm32f10x_rcc.o(i.RCC_GetClocksFreq), (148 bytes).
    Removing stm32f10x_rcc.o(i.RCC_GetITStatus), (20 bytes).
    Removing stm32f10x_rcc.o(i.RCC_HSICmd), (12 bytes).
    Removing stm32f10x_rcc.o(i.RCC_ITConfig), (24 bytes).
    Removing stm32f10x_rcc.o(i.RCC_LSEConfig), (32 bytes).
    Removing stm32f10x_rcc.o(i.RCC_LSICmd), (12 bytes).
    Removing stm32f10x_rcc.o(i.RCC_MCOConfig), (12 bytes).
    Removing stm32f10x_rcc.o(i.RCC_RTCCLKCmd), (12 bytes).
    Removing stm32f10x_rcc.o(i.RCC_RTCCLKConfig), (16 bytes).
    Removing stm32f10x_rcc.o(i.RCC_USBCLKConfig), (12 bytes).
    Removing stm32f10x_rcc.o(.data), (20 bytes).
    Removing stm32f10x_flash.o(i.FLASH_ClearFlag), (12 bytes).
    Removing stm32f10x_flash.o(i.FLASH_EnableWriteProtection), (172 bytes).
    Removing stm32f10x_flash.o(i.FLASH_EraseAllBank1Pages), (60 bytes).
    Removing stm32f10x_flash.o(i.FLASH_EraseAllPages), (60 bytes).
    Removing stm32f10x_flash.o(i.FLASH_EraseOptionBytes), (124 bytes).
    Removing stm32f10x_flash.o(i.FLASH_ErasePage), (64 bytes).
    Removing stm32f10x_flash.o(i.FLASH_GetBank1Status), (40 bytes).
    Removing stm32f10x_flash.o(i.FLASH_GetFlagStatus), (32 bytes).
    Removing stm32f10x_flash.o(i.FLASH_GetPrefetchBufferStatus), (20 bytes).
    Removing stm32f10x_flash.o(i.FLASH_GetReadOutProtectionStatus), (20 bytes).
    Removing stm32f10x_flash.o(i.FLASH_GetStatus), (40 bytes).
    Removing stm32f10x_flash.o(i.FLASH_GetUserOptionByte), (12 bytes).
    Removing stm32f10x_flash.o(i.FLASH_GetWriteProtectionOptionByte), (12 bytes).
    Removing stm32f10x_flash.o(i.FLASH_HalfCycleAccessCmd), (24 bytes).
    Removing stm32f10x_flash.o(i.FLASH_ITConfig), (24 bytes).
    Removing stm32f10x_flash.o(i.FLASH_Lock), (16 bytes).
    Removing stm32f10x_flash.o(i.FLASH_LockBank1), (16 bytes).
    Removing stm32f10x_flash.o(i.FLASH_ProgramHalfWord), (56 bytes).
    Removing stm32f10x_flash.o(i.FLASH_ProgramOptionByteData), (76 bytes).
    Removing stm32f10x_flash.o(i.FLASH_ProgramWord), (84 bytes).
    Removing stm32f10x_flash.o(i.FLASH_ReadOutProtection), (136 bytes).
    Removing stm32f10x_flash.o(i.FLASH_Unlock), (24 bytes).
    Removing stm32f10x_flash.o(i.FLASH_UnlockBank1), (24 bytes).
    Removing stm32f10x_flash.o(i.FLASH_UserOptionByteConfig), (96 bytes).
    Removing stm32f10x_flash.o(i.FLASH_WaitForLastBank1Operation), (36 bytes).
    Removing stm32f10x_flash.o(i.FLASH_WaitForLastOperation), (36 bytes).
    Removing misc.o(i.NVIC_Init), (100 bytes).
    Removing misc.o(i.NVIC_PriorityGroupConfig), (20 bytes).
    Removing misc.o(i.NVIC_SystemLPConfig), (24 bytes).
    Removing misc.o(i.SysTick_CLKSourceConfig), (24 bytes).
    Removing stm32f10x_gpio.o(i.GPIO_AFIODeInit), (22 bytes).
    Removing stm32f10x_gpio.o(i.GPIO_DeInit), (180 bytes).
    Removing stm32f10x_gpio.o(i.GPIO_ETH_MediaInterfaceConfig), (12 bytes).
    Removing stm32f10x_gpio.o(i.GPIO_EXTILineConfig), (40 bytes).
    Removing stm32f10x_gpio.o(i.GPIO_EventOutputCmd), (12 bytes).
    Removing stm32f10x_gpio.o(i.GPIO_EventOutputConfig), (28 bytes).
    Removing stm32f10x_gpio.o(i.GPIO_PinLockConfig), (16 bytes).
    Removing stm32f10x_gpio.o(i.GPIO_PinRemapConfig), (88 bytes).
    Removing stm32f10x_gpio.o(i.GPIO_ReadInputData), (6 bytes).
    Removing stm32f10x_gpio.o(i.GPIO_ReadOutputData), (6 bytes).
    Removing stm32f10x_gpio.o(i.GPIO_ReadOutputDataBit), (14 bytes).
    Removing stm32f10x_gpio.o(i.GPIO_SetBits), (4 bytes).
    Removing stm32f10x_gpio.o(i.GPIO_StructInit), (16 bytes).
    Removing stm32f10x_gpio.o(i.GPIO_Write), (4 bytes).
    Removing core_cm3.o(.emb_text), (32 bytes).
    Removing system_stm32f10x.o(i.SetSysClockTo72), (168 bytes).
    Removing system_stm32f10x.o(i.SystemCoreClockUpdate), (104 bytes).
    Removing system_stm32f10x.o(i.SystemInit), (64 bytes).
    Removing system_stm32f10x.o(.data), (20 bytes).
    Removing mod_startup_stm32f10x_md.o(HEAP), (512 bytes).

76 unused section(s) (total 3464 bytes) removed from the image.

==============================================================================

Image Symbol Table

    Local Symbols

    Symbol Name                              Value     Ov Type        Size  Object(Section)

    ../clib/microlib/init/entry.s            0x00000000   Number         0  entry11a.o ABSOLUTE
    ../clib/microlib/init/entry.s            0x00000000   Number         0  entry8b.o ABSOLUTE
    ../clib/microlib/init/entry.s            0x00000000   Number         0  entry8a.o ABSOLUTE
    ../clib/microlib/init/entry.s            0x00000000   Number         0  entry10a.o ABSOLUTE
    ../clib/microlib/init/entry.s            0x00000000   Number         0  entry9b.o ABSOLUTE
    ../clib/microlib/init/entry.s            0x00000000   Number         0  entry9a.o ABSOLUTE
    ../clib/microlib/init/entry.s            0x00000000   Number         0  entry7b.o ABSOLUTE
    ../clib/microlib/init/entry.s            0x00000000   Number         0  entry10b.o ABSOLUTE
    ../clib/microlib/init/entry.s            0x00000000   Number         0  entry7a.o ABSOLUTE
    ../clib/microlib/init/entry.s            0x00000000   Number         0  entry5.o ABSOLUTE
    ../clib/microlib/init/entry.s            0x00000000   Number         0  entry2.o ABSOLUTE
    ../clib/microlib/init/entry.s            0x00000000   Number         0  entry.o ABSOLUTE
    ../clib/microlib/init/entry.s            0x00000000   Number         0  entry11b.o ABSOLUTE
    ..\Moduly\LCD1602\lcd_hd44780_lib.c      0x00000000   Number         0  lcd_hd44780_lib.o ABSOLUTE
    ..\STM32F10x_StdPeriph_Lib_V3.3.0\Libraries\CMSIS\CM3\CoreSupport\core_cm3.c 0x00000000   Number         0  core_cm3.o ABSOLUTE
    ..\STM32F10x_StdPeriph_Lib_V3.3.0\Libraries\CMSIS\CM3\DeviceSupport\ST\STM32F10x\system_stm32f10x.c 0x00000000   Number         0  system_stm32f10x.o ABSOLUTE
    ..\STM32F10x_StdPeriph_Lib_V3.3.0\Libraries\STM32F10x_StdPeriph_Driver\src\misc.c 0x00000000   Number         0  misc.o ABSOLUTE
    ..\STM32F10x_StdPeriph_Lib_V3.3.0\Libraries\STM32F10x_StdPeriph_Driver\src\stm32f10x_flash.c 0x00000000   Number         0  stm32f10x_flash.o ABSOLUTE
    ..\STM32F10x_StdPeriph_Lib_V3.3.0\Libraries\STM32F10x_StdPeriph_Driver\src\stm32f10x_gpio.c 0x00000000   Number         0  stm32f10x_gpio.o ABSOLUTE
    ..\STM32F10x_StdPeriph_Lib_V3.3.0\Libraries\STM32F10x_StdPeriph_Driver\src\stm32f10x_rcc.c 0x00000000   Number         0  stm32f10x_rcc.o ABSOLUTE
    ..\\STM32F10x_StdPeriph_Lib_V3.3.0\\Libraries\\CMSIS\\CM3\\CoreSupport\\core_cm3.c 0x00000000   Number         0  core_cm3.o ABSOLUTE
    dc.s                                     0x00000000   Number         0  dc.o ABSOLUTE
    handlers.s                               0x00000000   Number         0  handlers.o ABSOLUTE
    init.s                                   0x00000000   Number         0  init.o ABSOLUTE
    main.c                                   0x00000000   Number         0  main.o ABSOLUTE
    mod_startup_stm32f10x_md.s               0x00000000   Number         0  mod_startup_stm32f10x_md.o ABSOLUTE
    stm32f10x_it.c                           0x00000000   Number         0  stm32f10x_it.o ABSOLUTE
    RESET                                    0x08000000   Section      236  mod_startup_stm32f10x_md.o(RESET)
    .ARM.Collect$$$$00000000                 0x080000ec   Section        0  entry.o(.ARM.Collect$$$$00000000)
    .ARM.Collect$$$$00000001                 0x080000ec   Section        4  entry2.o(.ARM.Collect$$$$00000001)
    .ARM.Collect$$$$00000004                 0x080000f0   Section        4  entry5.o(.ARM.Collect$$$$00000004)
    .ARM.Collect$$$$00000008                 0x080000f4   Section        0  entry7b.o(.ARM.Collect$$$$00000008)
    .ARM.Collect$$$$0000000A                 0x080000f4   Section        0  entry8b.o(.ARM.Collect$$$$0000000A)
    .ARM.Collect$$$$0000000B                 0x080000f4   Section        8  entry9a.o(.ARM.Collect$$$$0000000B)
    .ARM.Collect$$$$0000000D                 0x080000fc   Section        0  entry10a.o(.ARM.Collect$$$$0000000D)
    .ARM.Collect$$$$0000000F                 0x080000fc   Section        0  entry11a.o(.ARM.Collect$$$$0000000F)
    .ARM.Collect$$$$00002712                 0x080000fc   Section        4  entry2.o(.ARM.Collect$$$$00002712)
    __lit__00000000                          0x080000fc   Data           4  entry2.o(.ARM.Collect$$$$00002712)
    .text                                    0x08000100   Section       28  mod_startup_stm32f10x_md.o(.text)
    .text                                    0x0800011c   Section       36  init.o(.text)
    i.BusFault_Handler                       0x08000140   Section        0  stm32f10x_it.o(i.BusFault_Handler)
    i.DebugMon_Handler                       0x08000142   Section        0  stm32f10x_it.o(i.DebugMon_Handler)
    i.FLASH_PrefetchBufferCmd                0x08000144   Section        0  stm32f10x_flash.o(i.FLASH_PrefetchBufferCmd)
    i.FLASH_SetLatency                       0x0800015c   Section        0  stm32f10x_flash.o(i.FLASH_SetLatency)
    i.GPIO_Config                            0x08000170   Section        0  main.o(i.GPIO_Config)
    i.GPIO_Init                              0x080001cc   Section        0  stm32f10x_gpio.o(i.GPIO_Init)
    i.GPIO_ReadInputDataBit                  0x0800026a   Section        0  stm32f10x_gpio.o(i.GPIO_ReadInputDataBit)
    i.GPIO_ResetBits                         0x08000278   Section        0  stm32f10x_gpio.o(i.GPIO_ResetBits)
    i.GPIO_WriteBit                          0x0800027c   Section        0  stm32f10x_gpio.o(i.GPIO_WriteBit)
    i.HardFault_Handler                      0x08000286   Section        0  stm32f10x_it.o(i.HardFault_Handler)
    i.LCD_GoTo                               0x08000288   Section        0  lcd_hd44780_lib.o(i.LCD_GoTo)
    i.LCD_Initialize                         0x08000298   Section        0  lcd_hd44780_lib.o(i.LCD_Initialize)
    i.LCD_ReadNibble                         0x08000348   Section        0  lcd_hd44780_lib.o(i.LCD_ReadNibble)
    i.LCD_ReadStatus                         0x0800039c   Section        0  lcd_hd44780_lib.o(i.LCD_ReadStatus)
    i.LCD_WriteCommand                       0x080003f8   Section        0  lcd_hd44780_lib.o(i.LCD_WriteCommand)
    i.LCD_WriteData                          0x08000428   Section        0  lcd_hd44780_lib.o(i.LCD_WriteData)
    i.LCD_WriteNibble                        0x08000464   Section        0  lcd_hd44780_lib.o(i.LCD_WriteNibble)
    i.LCD_WriteText                          0x080004b8   Section        0  lcd_hd44780_lib.o(i.LCD_WriteText)
    i.MemManage_Handler                      0x080004cc   Section        0  stm32f10x_it.o(i.MemManage_Handler)
    i.NMI_Handler                            0x080004ce   Section        0  stm32f10x_it.o(i.NMI_Handler)
    i.NVIC_Config                            0x080004d0   Section        0  main.o(i.NVIC_Config)
    i.NVIC_SetVectorTable                    0x080004dc   Section        0  misc.o(i.NVIC_SetVectorTable)
    i.PendSV_Handler                         0x080004f0   Section        0  stm32f10x_it.o(i.PendSV_Handler)
    i.RCC_APB2PeriphClockCmd                 0x080004f4   Section        0  stm32f10x_rcc.o(i.RCC_APB2PeriphClockCmd)
    i.RCC_Config                             0x0800050c   Section        0  main.o(i.RCC_Config)
    i.RCC_DeInit                             0x0800058c   Section        0  stm32f10x_rcc.o(i.RCC_DeInit)
    i.RCC_GetFlagStatus                      0x080005cc   Section        0  stm32f10x_rcc.o(i.RCC_GetFlagStatus)
    i.RCC_GetSYSCLKSource                    0x080005fc   Section        0  stm32f10x_rcc.o(i.RCC_GetSYSCLKSource)
    i.RCC_HCLKConfig                         0x0800060c   Section        0  stm32f10x_rcc.o(i.RCC_HCLKConfig)
    i.RCC_HSEConfig                          0x08000620   Section        0  stm32f10x_rcc.o(i.RCC_HSEConfig)
    i.RCC_PCLK1Config                        0x08000654   Section        0  stm32f10x_rcc.o(i.RCC_PCLK1Config)
    i.RCC_PCLK2Config                        0x08000668   Section        0  stm32f10x_rcc.o(i.RCC_PCLK2Config)
    i.RCC_PLLCmd                             0x0800067c   Section        0  stm32f10x_rcc.o(i.RCC_PLLCmd)
    i.RCC_PLLConfig                          0x08000688   Section        0  stm32f10x_rcc.o(i.RCC_PLLConfig)
    i.RCC_SYSCLKConfig                       0x0800069c   Section        0  stm32f10x_rcc.o(i.RCC_SYSCLKConfig)
    i.RCC_WaitForHSEStartUp                  0x080006b0   Section        0  stm32f10x_rcc.o(i.RCC_WaitForHSEStartUp)
    i.SVC_Handler                            0x080006dc   Section        0  stm32f10x_it.o(i.SVC_Handler)
    i.SysTick_Handler                        0x080006de   Section        0  stm32f10x_it.o(i.SysTick_Handler)
    i.UsageFault_Handler                     0x080006e0   Section        0  stm32f10x_it.o(i.UsageFault_Handler)
    i.__scatterload_copy                     0x080006e2   Section       14  handlers.o(i.__scatterload_copy)
    i.__scatterload_null                     0x080006f0   Section        2  handlers.o(i.__scatterload_null)
    i.__scatterload_zeroinit                 0x080006f2   Section       14  handlers.o(i.__scatterload_zeroinit)
    i.main                                   0x08000700   Section        0  main.o(i.main)
    .data                                    0x20000000   Section        4  lcd_hd44780_lib.o(.data)
    STACK                                    0x20000008   Section     1024  mod_startup_stm32f10x_md.o(STACK)

    Global Symbols

    Symbol Name                              Value     Ov Type        Size  Object(Section)

    BuildAttributes$$THM_ISAv4$P$D$K$B$S$PE$A:L22UL41UL21$X:L11$S22US41US21$IEEE1$IW$USESV6$~STKCKD$USESV7$~SHL$OSPACE$EBA8$MICROLIB$REQ8$PRES8$EABIv2 0x00000000   Number         0  anon$$obj.o ABSOLUTE
    __ARM_use_no_argv                        0x00000000   Number         0  main.o ABSOLUTE
    __cpp_initialize__aeabi_                  - Undefined Weak Reference
    __cxa_finalize                            - Undefined Weak Reference
    __decompress                              - Undefined Weak Reference
    _clock_init                               - Undefined Weak Reference
    _microlib_exit                            - Undefined Weak Reference
    __Vectors_Size                           0x000000ec   Number         0  mod_startup_stm32f10x_md.o ABSOLUTE
    __Vectors                                0x08000000   Data           4  mod_startup_stm32f10x_md.o(RESET)
    __Vectors_End                            0x080000ec   Data           0  mod_startup_stm32f10x_md.o(RESET)
    __main                                   0x080000ed   Thumb Code     0  entry.o(.ARM.Collect$$$$00000000)
    _main_stk                                0x080000ed   Thumb Code     0  entry2.o(.ARM.Collect$$$$00000001)
    _main_scatterload                        0x080000f1   Thumb Code     0  entry5.o(.ARM.Collect$$$$00000004)
    __main_after_scatterload                 0x080000f5   Thumb Code     0  entry5.o(.ARM.Collect$$$$00000004)
    _main_clock                              0x080000f5   Thumb Code     0  entry7b.o(.ARM.Collect$$$$00000008)
    _main_cpp_init                           0x080000f5   Thumb Code     0  entry8b.o(.ARM.Collect$$$$0000000A)
    _main_init                               0x080000f5   Thumb Code     0  entry9a.o(.ARM.Collect$$$$0000000B)
    __rt_final_cpp                           0x080000fd   Thumb Code     0  entry10a.o(.ARM.Collect$$$$0000000D)
    __rt_final_exit                          0x080000fd   Thumb Code     0  entry11a.o(.ARM.Collect$$$$0000000F)
    Reset_Handler                            0x08000101   Thumb Code     4  mod_startup_stm32f10x_md.o(.text)
    ADC1_2_IRQHandler                        0x08000117   Thumb Code     0  mod_startup_stm32f10x_md.o(.text)
    CAN1_RX1_IRQHandler                      0x08000117   Thumb Code     0  mod_startup_stm32f10x_md.o(.text)
    CAN1_SCE_IRQHandler                      0x08000117   Thumb Code     0  mod_startup_stm32f10x_md.o(.text)
    DMA1_Channel1_IRQHandler                 0x08000117   Thumb Code     0  mod_startup_stm32f10x_md.o(.text)
    DMA1_Channel2_IRQHandler                 0x08000117   Thumb Code     0  mod_startup_stm32f10x_md.o(.text)
    DMA1_Channel3_IRQHandler                 0x08000117   Thumb Code     0  mod_startup_stm32f10x_md.o(.text)
    DMA1_Channel4_IRQHandler                 0x08000117   Thumb Code     0  mod_startup_stm32f10x_md.o(.text)
    DMA1_Channel5_IRQHandler                 0x08000117   Thumb Code     0  mod_startup_stm32f10x_md.o(.text)
    DMA1_Channel6_IRQHandler                 0x08000117   Thumb Code     0  mod_startup_stm32f10x_md.o(.text)
    DMA1_Channel7_IRQHandler                 0x08000117   Thumb Code     0  mod_startup_stm32f10x_md.o(.text)
    EXTI0_IRQHandler                         0x08000117   Thumb Code     0  mod_startup_stm32f10x_md.o(.text)
    EXTI15_10_IRQHandler                     0x08000117   Thumb Code     0  mod_startup_stm32f10x_md.o(.text)
    EXTI1_IRQHandler                         0x08000117   Thumb Code     0  mod_startup_stm32f10x_md.o(.text)
    EXTI2_IRQHandler                         0x08000117   Thumb Code     0  mod_startup_stm32f10x_md.o(.text)
    EXTI3_IRQHandler                         0x08000117   Thumb Code     0  mod_startup_stm32f10x_md.o(.text)
    EXTI4_IRQHandler                         0x08000117   Thumb Code     0  mod_startup_stm32f10x_md.o(.text)
    EXTI9_5_IRQHandler                       0x08000117   Thumb Code     0  mod_startup_stm32f10x_md.o(.text)
    FLASH_IRQHandler                         0x08000117   Thumb Code     0  mod_startup_stm32f10x_md.o(.text)
    I2C1_ER_IRQHandler                       0x08000117   Thumb Code     0  mod_startup_stm32f10x_md.o(.text)
    I2C1_EV_IRQHandler                       0x08000117   Thumb Code     0  mod_startup_stm32f10x_md.o(.text)
    I2C2_ER_IRQHandler                       0x08000117   Thumb Code     0  mod_startup_stm32f10x_md.o(.text)
    I2C2_EV_IRQHandler                       0x08000117   Thumb Code     0  mod_startup_stm32f10x_md.o(.text)
    PVD_IRQHandler                           0x08000117   Thumb Code     0  mod_startup_stm32f10x_md.o(.text)
    RCC_IRQHandler                           0x08000117   Thumb Code     0  mod_startup_stm32f10x_md.o(.text)
    RTCAlarm_IRQHandler                      0x08000117   Thumb Code     0  mod_startup_stm32f10x_md.o(.text)
    RTC_IRQHandler                           0x08000117   Thumb Code     0  mod_startup_stm32f10x_md.o(.text)
    SPI1_IRQHandler                          0x08000117   Thumb Code     0  mod_startup_stm32f10x_md.o(.text)
    SPI2_IRQHandler                          0x08000117   Thumb Code     0  mod_startup_stm32f10x_md.o(.text)
    TAMPER_IRQHandler                        0x08000117   Thumb Code     0  mod_startup_stm32f10x_md.o(.text)
    TIM1_BRK_IRQHandler                      0x08000117   Thumb Code     0  mod_startup_stm32f10x_md.o(.text)
    TIM1_CC_IRQHandler                       0x08000117   Thumb Code     0  mod_startup_stm32f10x_md.o(.text)
    TIM1_TRG_COM_IRQHandler                  0x08000117   Thumb Code     0  mod_startup_stm32f10x_md.o(.text)
    TIM1_UP_IRQHandler                       0x08000117   Thumb Code     0  mod_startup_stm32f10x_md.o(.text)
    TIM2_IRQHandler                          0x08000117   Thumb Code     0  mod_startup_stm32f10x_md.o(.text)
    TIM3_IRQHandler                          0x08000117   Thumb Code     0  mod_startup_stm32f10x_md.o(.text)
    TIM4_IRQHandler                          0x08000117   Thumb Code     0  mod_startup_stm32f10x_md.o(.text)
    USART1_IRQHandler                        0x08000117   Thumb Code     0  mod_startup_stm32f10x_md.o(.text)
    USART2_IRQHandler                        0x08000117   Thumb Code     0  mod_startup_stm32f10x_md.o(.text)
    USART3_IRQHandler                        0x08000117   Thumb Code     0  mod_startup_stm32f10x_md.o(.text)
    USBWakeUp_IRQHandler                     0x08000117   Thumb Code     0  mod_startup_stm32f10x_md.o(.text)
    USB_HP_CAN1_TX_IRQHandler                0x08000117   Thumb Code     0  mod_startup_stm32f10x_md.o(.text)
    USB_LP_CAN1_RX0_IRQHandler               0x08000117   Thumb Code     0  mod_startup_stm32f10x_md.o(.text)
    WWDG_IRQHandler                          0x08000117   Thumb Code     0  mod_startup_stm32f10x_md.o(.text)
    __scatterload                            0x0800011d   Thumb Code    28  init.o(.text)
    __scatterload_rt2                        0x0800011d   Thumb Code     0  init.o(.text)
    BusFault_Handler                         0x08000141   Thumb Code     2  stm32f10x_it.o(i.BusFault_Handler)
    DebugMon_Handler                         0x08000143   Thumb Code     2  stm32f10x_it.o(i.DebugMon_Handler)
    FLASH_PrefetchBufferCmd                  0x08000145   Thumb Code    18  stm32f10x_flash.o(i.FLASH_PrefetchBufferCmd)
    FLASH_SetLatency                         0x0800015d   Thumb Code    14  stm32f10x_flash.o(i.FLASH_SetLatency)
    GPIO_Config                              0x08000171   Thumb Code    80  main.o(i.GPIO_Config)
    GPIO_Init                                0x080001cd   Thumb Code   158  stm32f10x_gpio.o(i.GPIO_Init)
    GPIO_ReadInputDataBit                    0x0800026b   Thumb Code    14  stm32f10x_gpio.o(i.GPIO_ReadInputDataBit)
    GPIO_ResetBits                           0x08000279   Thumb Code     4  stm32f10x_gpio.o(i.GPIO_ResetBits)
    GPIO_WriteBit                            0x0800027d   Thumb Code    10  stm32f10x_gpio.o(i.GPIO_WriteBit)
    HardFault_Handler                        0x08000287   Thumb Code     2  stm32f10x_it.o(i.HardFault_Handler)
    LCD_GoTo                                 0x08000289   Thumb Code    14  lcd_hd44780_lib.o(i.LCD_GoTo)
    LCD_Initialize                           0x08000299   Thumb Code   162  lcd_hd44780_lib.o(i.LCD_Initialize)
    LCD_ReadNibble                           0x08000349   Thumb Code    78  lcd_hd44780_lib.o(i.LCD_ReadNibble)
    LCD_ReadStatus                           0x0800039d   Thumb Code    82  lcd_hd44780_lib.o(i.LCD_ReadStatus)
    LCD_WriteCommand                         0x080003f9   Thumb Code    42  lcd_hd44780_lib.o(i.LCD_WriteCommand)
    LCD_WriteData                            0x08000429   Thumb Code    54  lcd_hd44780_lib.o(i.LCD_WriteData)
    LCD_WriteNibble                          0x08000465   Thumb Code    80  lcd_hd44780_lib.o(i.LCD_WriteNibble)
    LCD_WriteText                            0x080004b9   Thumb Code    20  lcd_hd44780_lib.o(i.LCD_WriteText)
    MemManage_Handler                        0x080004cd   Thumb Code     2  stm32f10x_it.o(i.MemManage_Handler)
    NMI_Handler                              0x080004cf   Thumb Code     2  stm32f10x_it.o(i.NMI_Handler)
    NVIC_Config                              0x080004d1   Thumb Code    10  main.o(i.NVIC_Config)
    NVIC_SetVectorTable                      0x080004dd   Thumb Code    12  misc.o(i.NVIC_SetVectorTable)
    PendSV_Handler                           0x080004f1   Thumb Code     2  stm32f10x_it.o(i.PendSV_Handler)
    RCC_APB2PeriphClockCmd                   0x080004f5   Thumb Code    18  stm32f10x_rcc.o(i.RCC_APB2PeriphClockCmd)
    RCC_Config                               0x0800050d   Thumb Code   126  main.o(i.RCC_Config)
    RCC_DeInit                               0x0800058d   Thumb Code    50  stm32f10x_rcc.o(i.RCC_DeInit)
    RCC_GetFlagStatus                        0x080005cd   Thumb Code    44  stm32f10x_rcc.o(i.RCC_GetFlagStatus)
    RCC_GetSYSCLKSource                      0x080005fd   Thumb Code    10  stm32f10x_rcc.o(i.RCC_GetSYSCLKSource)
    RCC_HCLKConfig                           0x0800060d   Thumb Code    14  stm32f10x_rcc.o(i.RCC_HCLKConfig)
    RCC_HSEConfig                            0x08000621   Thumb Code    48  stm32f10x_rcc.o(i.RCC_HSEConfig)
    RCC_PCLK1Config                          0x08000655   Thumb Code    14  stm32f10x_rcc.o(i.RCC_PCLK1Config)
    RCC_PCLK2Config                          0x08000669   Thumb Code    16  stm32f10x_rcc.o(i.RCC_PCLK2Config)
    RCC_PLLCmd                               0x0800067d   Thumb Code     6  stm32f10x_rcc.o(i.RCC_PLLCmd)
    RCC_PLLConfig                            0x08000689   Thumb Code    16  stm32f10x_rcc.o(i.RCC_PLLConfig)
    RCC_SYSCLKConfig                         0x0800069d   Thumb Code    14  stm32f10x_rcc.o(i.RCC_SYSCLKConfig)
    RCC_WaitForHSEStartUp                    0x080006b1   Thumb Code    44  stm32f10x_rcc.o(i.RCC_WaitForHSEStartUp)
    SVC_Handler                              0x080006dd   Thumb Code     2  stm32f10x_it.o(i.SVC_Handler)
    SysTick_Handler                          0x080006df   Thumb Code     2  stm32f10x_it.o(i.SysTick_Handler)
    UsageFault_Handler                       0x080006e1   Thumb Code     2  stm32f10x_it.o(i.UsageFault_Handler)
    __scatterload_copy                       0x080006e3   Thumb Code    14  handlers.o(i.__scatterload_copy)
    __scatterload_null                       0x080006f1   Thumb Code     2  handlers.o(i.__scatterload_null)
    __scatterload_zeroinit                   0x080006f3   Thumb Code    14  handlers.o(i.__scatterload_zeroinit)
    main                                     0x08000701   Thumb Code   230  main.o(i.main)
    Region$$Table$$Base                      0x08000800   Number         0  anon$$obj.o(Region$$Table)
    Region$$Table$$Limit                     0x08000820   Number         0  anon$$obj.o(Region$$Table)
    GPIO_InitStructure                       0x20000000   Data           4  lcd_hd44780_lib.o(.data)
    __initial_sp                             0x20000408   Data           0  mod_startup_stm32f10x_md.o(STACK)



==============================================================================

Memory Map of the image

  Image Entry point : 0x080000ed

  Load Region LR_IROM1 (Base: 0x08000000, Size: 0x00000824, Max: 0x00020000, ABSOLUTE)

    Execution Region ER_IROM1 (Base: 0x08000000, Size: 0x00000820, Max: 0x00020000, ABSOLUTE)

    Base Addr    Size         Type   Attr      Idx    E Section Name        Object

    0x08000000   0x000000ec   Data   RO          781    RESET               mod_startup_stm32f10x_md.o
    0x080000ec   0x00000000   Code   RO          786  * .ARM.Collect$$$$00000000  mc_w.l(entry.o)
    0x080000ec   0x00000004   Code   RO          789    .ARM.Collect$$$$00000001  mc_w.l(entry2.o)
    0x080000f0   0x00000004   Code   RO          792    .ARM.Collect$$$$00000004  mc_w.l(entry5.o)
    0x080000f4   0x00000000   Code   RO          794    .ARM.Collect$$$$00000008  mc_w.l(entry7b.o)
    0x080000f4   0x00000000   Code   RO          796    .ARM.Collect$$$$0000000A  mc_w.l(entry8b.o)
    0x080000f4   0x00000008   Code   RO          797    .ARM.Collect$$$$0000000B  mc_w.l(entry9a.o)
    0x080000fc   0x00000000   Code   RO          799    .ARM.Collect$$$$0000000D  mc_w.l(entry10a.o)
    0x080000fc   0x00000000   Code   RO          801    .ARM.Collect$$$$0000000F  mc_w.l(entry11a.o)
    0x080000fc   0x00000004   Code   RO          790    .ARM.Collect$$$$00002712  mc_w.l(entry2.o)
    0x08000100   0x0000001c   Code   RO          782    .text               mod_startup_stm32f10x_md.o
    0x0800011c   0x00000024   Code   RO          803    .text               mc_w.l(init.o)
    0x08000140   0x00000002   Code   RO           65    i.BusFault_Handler  stm32f10x_it.o
    0x08000142   0x00000002   Code   RO           66    i.DebugMon_Handler  stm32f10x_it.o
    0x08000144   0x00000018   Code   RO          434    i.FLASH_PrefetchBufferCmd  stm32f10x_flash.o
    0x0800015c   0x00000014   Code   RO          439    i.FLASH_SetLatency  stm32f10x_flash.o
    0x08000170   0x0000005c   Code   RO            1    i.GPIO_Config       main.o
    0x080001cc   0x0000009e   Code   RO          631    i.GPIO_Init         stm32f10x_gpio.o
    0x0800026a   0x0000000e   Code   RO          635    i.GPIO_ReadInputDataBit  stm32f10x_gpio.o
    0x08000278   0x00000004   Code   RO          638    i.GPIO_ResetBits    stm32f10x_gpio.o
    0x0800027c   0x0000000a   Code   RO          642    i.GPIO_WriteBit     stm32f10x_gpio.o
    0x08000286   0x00000002   Code   RO           67    i.HardFault_Handler  stm32f10x_it.o
    0x08000288   0x0000000e   Code   RO          128    i.LCD_GoTo          lcd_hd44780_lib.o
    0x08000296   0x00000002   PAD
    0x08000298   0x000000b0   Code   RO          129    i.LCD_Initialize    lcd_hd44780_lib.o
    0x08000348   0x00000054   Code   RO          130    i.LCD_ReadNibble    lcd_hd44780_lib.o
    0x0800039c   0x0000005c   Code   RO          131    i.LCD_ReadStatus    lcd_hd44780_lib.o
    0x080003f8   0x00000030   Code   RO          136    i.LCD_WriteCommand  lcd_hd44780_lib.o
    0x08000428   0x0000003c   Code   RO          137    i.LCD_WriteData     lcd_hd44780_lib.o
    0x08000464   0x00000054   Code   RO          138    i.LCD_WriteNibble   lcd_hd44780_lib.o
    0x080004b8   0x00000014   Code   RO          139    i.LCD_WriteText     lcd_hd44780_lib.o
    0x080004cc   0x00000002   Code   RO           68    i.MemManage_Handler  stm32f10x_it.o
    0x080004ce   0x00000002   Code   RO           69    i.NMI_Handler       stm32f10x_it.o
    0x080004d0   0x0000000a   Code   RO            2    i.NVIC_Config       main.o
    0x080004da   0x00000002   PAD
    0x080004dc   0x00000014   Code   RO          591    i.NVIC_SetVectorTable  misc.o
    0x080004f0   0x00000002   Code   RO           70    i.PendSV_Handler    stm32f10x_it.o
    0x080004f2   0x00000002   PAD
    0x080004f4   0x00000018   Code   RO          221    i.RCC_APB2PeriphClockCmd  stm32f10x_rcc.o
    0x0800050c   0x0000007e   Code   RO            3    i.RCC_Config        main.o
    0x0800058a   0x00000002   PAD
    0x0800058c   0x00000040   Code   RO          228    i.RCC_DeInit        stm32f10x_rcc.o
    0x080005cc   0x00000030   Code   RO          230    i.RCC_GetFlagStatus  stm32f10x_rcc.o
    0x080005fc   0x00000010   Code   RO          232    i.RCC_GetSYSCLKSource  stm32f10x_rcc.o
    0x0800060c   0x00000014   Code   RO          233    i.RCC_HCLKConfig    stm32f10x_rcc.o
    0x08000620   0x00000034   Code   RO          234    i.RCC_HSEConfig     stm32f10x_rcc.o
    0x08000654   0x00000014   Code   RO          240    i.RCC_PCLK1Config   stm32f10x_rcc.o
    0x08000668   0x00000014   Code   RO          241    i.RCC_PCLK2Config   stm32f10x_rcc.o
    0x0800067c   0x0000000c   Code   RO          242    i.RCC_PLLCmd        stm32f10x_rcc.o
    0x08000688   0x00000014   Code   RO          243    i.RCC_PLLConfig     stm32f10x_rcc.o
    0x0800069c   0x00000014   Code   RO          246    i.RCC_SYSCLKConfig  stm32f10x_rcc.o
    0x080006b0   0x0000002c   Code   RO          248    i.RCC_WaitForHSEStartUp  stm32f10x_rcc.o
    0x080006dc   0x00000002   Code   RO           71    i.SVC_Handler       stm32f10x_it.o
    0x080006de   0x00000002   Code   RO           72    i.SysTick_Handler   stm32f10x_it.o
    0x080006e0   0x00000002   Code   RO           73    i.UsageFault_Handler  stm32f10x_it.o
    0x080006e2   0x0000000e   Code   RO          807    i.__scatterload_copy  mc_w.l(handlers.o)
    0x080006f0   0x00000002   Code   RO          808    i.__scatterload_null  mc_w.l(handlers.o)
    0x080006f2   0x0000000e   Code   RO          809    i.__scatterload_zeroinit  mc_w.l(handlers.o)
    0x08000700   0x00000100   Code   RO            4    i.main              main.o
    0x08000800   0x00000020   Data   RO          805    Region$$Table       anon$$obj.o


    Execution Region RW_IRAM1 (Base: 0x20000000, Size: 0x00000408, Max: 0x00005000, ABSOLUTE)

    Base Addr    Size         Type   Attr      Idx    E Section Name        Object

    0x20000000   0x00000004   Data   RW          141    .data               lcd_hd44780_lib.o
    0x20000004   0x00000004   PAD
    0x20000008   0x00000400   Zero   RW          779    STACK               mod_startup_stm32f10x_md.o


==============================================================================

Image component sizes


      Code (inc. data)   RO Data    RW Data    ZI Data      Debug   Object Name

         0          0          0          0          0         32   core_cm3.o
       578         46          0          4          0       4706   lcd_hd44780_lib.o
       484         38          0          0          0     225200   main.o
        20          8          0          0          0        538   misc.o
        28          4        236          0       1024        724   mod_startup_stm32f10x_md.o
        44         12          0          0          0       1125   stm32f10x_flash.o
       186          0          0          0          0       3645   stm32f10x_gpio.o
        18          0          0          0          0       3210   stm32f10x_it.o
       360         66          0          0          0       9281   stm32f10x_rcc.o

    ----------------------------------------------------------------------
      1726        174        268          4       1028     248461   Object Totals
         0          0         32          0          0          0   (incl. Generated)
         8          0          0          0          4          0   (incl. Padding)

    ----------------------------------------------------------------------

      Code (inc. data)   RO Data    RW Data    ZI Data      Debug   Library Member Name

         0          0          0          0          0          0   entry.o
         0          0          0          0          0          0   entry10a.o
         0          0          0          0          0          0   entry11a.o
         8          4          0          0          0          0   entry2.o
         4          0          0          0          0          0   entry5.o
         0          0          0          0          0          0   entry7b.o
         0          0          0          0          0          0   entry8b.o
         8          4          0          0          0          0   entry9a.o
        30          0          0          0          0          0   handlers.o
        36          8          0          0          0         68   init.o

    ----------------------------------------------------------------------
        86         16          0          0          0         68   Library Totals
         0          0          0          0          0          0   (incl. Padding)

    ----------------------------------------------------------------------

      Code (inc. data)   RO Data    RW Data    ZI Data      Debug   Library Name

        86         16          0          0          0         68   mc_w.l

    ----------------------------------------------------------------------
        86         16          0          0          0         68   Library Totals

    ----------------------------------------------------------------------

==============================================================================


      Code (inc. data)   RO Data    RW Data    ZI Data      Debug   

      1812        190        268          4       1028     246709   Grand Totals
      1812        190        268          4       1028     246709   ELF Image Totals
      1812        190        268          4          0          0   ROM Totals

==============================================================================

    Total RO  Size (Code + RO Data)                 2080 (   2.03kB)
    Total RW  Size (RW Data + ZI Data)              1032 (   1.01kB)
    Total ROM Size (Code + RO Data + RW Data)       2084 (   2.04kB)

==============================================================================

